[     203ms] [INFO] [JavaScript Error: "Referrer Policy: Ignoring the less restricted referrer policy “origin-when-cross-origin” for the cross-site request: https://pss.bdstatic.com/r/www/static/font/cosmic/pc/cos-icon_3df378f.css" {file: "https://pss.bdstatic.com/r/www/static/font/cosmic/pc/cos-icon_3df378f.css" line: 0}] @ https://pss.bdstatic.com/r/www/static/font/cosmic/pc/cos-icon_3df378f.css:0
[     204ms] [INFO] [JavaScript Error: "Referrer Policy: Ignoring the less restricted referrer policy “origin-when-cross-origin” for the cross-site request: https://pss.bdstatic.com/static/superman/img/topnav/newfanyi-da0cea8f7e.png" {file: "https://pss.bdstatic.com/static/superman/img/topnav/newfanyi-da0cea8f7e.png" line: 0}] @ https://pss.bdstatic.com/static/superman/img/topnav/newfanyi-da0cea8f7e.png:0
[     204ms] [INFO] [JavaScript Error: "Referrer Policy: Ignoring the less restricted referrer policy “origin-when-cross-origin” for the cross-site request: https://pss.bdstatic.com/static/superman/img/topnav/newxueshuicon-a5314d5c83.png" {file: "https://pss.bdstatic.com/static/superman/img/topnav/newxueshuicon-a5314d5c83.png" line: 0}] @ https://pss.bdstatic.com/static/superman/img/topnav/newxueshuicon-a5314d5c83.png:0
[     204ms] [INFO] [JavaScript Error: "Referrer Policy: Ignoring the less restricted referrer policy “origin-when-cross-origin” for the cross-site request: https://pss.bdstatic.com/static/superman/img/topnav/newbaike-889054f349.png" {file: "https://pss.bdstatic.com/static/superman/img/topnav/newbaike-889054f349.png" line: 0}] @ https://pss.bdstatic.com/static/superman/img/topnav/newbaike-889054f349.png:0
[     204ms] [INFO] [JavaScript Error: "Referrer Policy: Ignoring the less restricted referrer policy “origin-when-cross-origin” for the cross-site request: https://pss.bdstatic.com/static/superman/img/topnav/newzhidao-da1cf444b0.png" {file: "https://pss.bdstatic.com/static/superman/img/topnav/newzhidao-da1cf444b0.png" line: 0}] @ https://pss.bdstatic.com/static/superman/img/topnav/newzhidao-da1cf444b0.png:0
[     204ms] [INFO] [JavaScript Error: "Referrer Policy: Ignoring the less restricted referrer policy “origin-when-cross-origin” for the cross-site request: https://pss.bdstatic.com/static/superman/img/topnav/newjiankang-f03b804b4b.png" {file: "https://pss.bdstatic.com/static/superman/img/topnav/newjiankang-f03b804b4b.png" line: 0}] @ https://pss.bdstatic.com/static/superman/img/topnav/newjiankang-f03b804b4b.png:0
[     206ms] [INFO] [JavaScript Error: "Referrer Policy: Ignoring the less restricted referrer policy “origin-when-cross-origin” for the cross-site request: https://pss.bdstatic.com/static/superman/img/topnav/yingxiaoicon-612169cc36.png" {file: "https://pss.bdstatic.com/static/superman/img/topnav/yingxiaoicon-612169cc36.png" line: 0}] @ https://pss.bdstatic.com/static/superman/img/topnav/yingxiaoicon-612169cc36.png:0
[     206ms] [INFO] [JavaScript Error: "Referrer Policy: Ignoring the less restricted referrer policy “origin-when-cross-origin” for the cross-site request: https://pss.bdstatic.com/static/superman/img/topnav/newzhibo-a6a0831ecd.png" {file: "https://pss.bdstatic.com/static/superman/img/topnav/newzhibo-a6a0831ecd.png" line: 0}] @ https://pss.bdstatic.com/static/superman/img/topnav/newzhibo-a6a0831ecd.png:0
[     206ms] [INFO] [JavaScript Error: "Referrer Policy: Ignoring the less restricted referrer policy “origin-when-cross-origin” for the cross-site request: https://pss.bdstatic.com/static/superman/img/topnav/newyinyue-03ecd1e9b9.png" {file: "https://pss.bdstatic.com/static/superman/img/topnav/newyinyue-03ecd1e9b9.png" line: 0}] @ https://pss.bdstatic.com/static/superman/img/topnav/newyinyue-03ecd1e9b9.png:0
[     206ms] [INFO] [JavaScript Error: "Referrer Policy: Ignoring the less restricted referrer policy “origin-when-cross-origin” for the cross-site request: https://pss.bdstatic.com/static/superman/img/topnav/chengpian-9981cd1fdb.png" {file: "https://pss.bdstatic.com/static/superman/img/topnav/chengpian-9981cd1fdb.png" line: 0}] @ https://pss.bdstatic.com/static/superman/img/topnav/chengpian-9981cd1fdb.png:0
[     206ms] [INFO] [JavaScript Error: "Referrer Policy: Ignoring the less restricted referrer policy “origin-when-cross-origin” for the cross-site request: https://psstatic.cdn.bcebos.com/aife/static/wenxinlogo_1770695621000.png" {file: "https://psstatic.cdn.bcebos.com/aife/static/wenxinlogo_1770695621000.png" line: 0}] @ https://psstatic.cdn.bcebos.com/aife/static/wenxinlogo_1770695621000.png:0
[     206ms] [INFO] [JavaScript Error: "Referrer Policy: Ignoring the less restricted referrer policy “origin-when-cross-origin” for the cross-site request: https://psstatic.cdn.bcebos.com/basics/aichat/hot_search_x3_1747880381000.png" {file: "https://psstatic.cdn.bcebos.com/basics/aichat/hot_search_x3_1747880381000.png" line: 0}] @ https://psstatic.cdn.bcebos.com/basics/aichat/hot_search_x3_1747880381000.png:0
[     206ms] [INFO] [JavaScript Error: "Referrer Policy: Ignoring the less restricted referrer policy “origin-when-cross-origin” for the cross-site request: https://psstatic.cdn.bcebos.com/basics/aichat/to-up-newer_1766568454000.svg" {file: "https://psstatic.cdn.bcebos.com/basics/aichat/to-up-newer_1766568454000.svg" line: 0}] @ https://psstatic.cdn.bcebos.com/basics/aichat/to-up-newer_1766568454000.svg:0
[     206ms] [INFO] [JavaScript Error: "Referrer Policy: Ignoring the less restricted referrer policy “origin-when-cross-origin” for the cross-site request: https://psstatic.cdn.bcebos.com/basics/aichat/to-up-active_1764583314000.svg" {file: "https://psstatic.cdn.bcebos.com/basics/aichat/to-up-active_1764583314000.svg" line: 0}] @ https://psstatic.cdn.bcebos.com/basics/aichat/to-up-active_1764583314000.svg:0
[     206ms] [INFO] [JavaScript Error: "Referrer Policy: Ignoring the less restricted referrer policy “origin-when-cross-origin” for the cross-site request: https://pss.bdstatic.com/static/superman/img/qrcode/qrcode@2x-daf987ad02.png" {file: "https://pss.bdstatic.com/static/superman/img/qrcode/qrcode@2x-daf987ad02.png" line: 0}] @ https://pss.bdstatic.com/static/superman/img/qrcode/qrcode@2x-daf987ad02.png:0
[     206ms] [INFO] [JavaScript Error: "Referrer Policy: Ignoring the less restricted referrer policy “origin-when-cross-origin” for the cross-site request: https://pss.bdstatic.com/static/superman/img/qrcode/qrcode-hover@2x-f9b106a848.png" {file: "https://pss.bdstatic.com/static/superman/img/qrcode/qrcode-hover@2x-f9b106a848.png" line: 0}] @ https://pss.bdstatic.com/static/superman/img/qrcode/qrcode-hover@2x-f9b106a848.png:0
[     206ms] [INFO] [JavaScript Error: "Referrer Policy: Ignoring the less restricted referrer policy “origin-when-cross-origin” for the cross-site request: https://pss.bdstatic.com/static/superman/js/lib/jquery-1-edb203c114.10.2.js" {file: "https://pss.bdstatic.com/static/superman/js/lib/jquery-1-edb203c114.10.2.js" line: 0}] @ https://pss.bdstatic.com/static/superman/js/lib/jquery-1-edb203c114.10.2.js:0
[     206ms] [INFO] [JavaScript Error: "Referrer Policy: Ignoring the less restricted referrer policy “origin-when-cross-origin” for the cross-site request: https://pss.bdstatic.com/static/superman/js/lib/esl-cf7161da9a.js" {file: "https://pss.bdstatic.com/static/superman/js/lib/esl-cf7161da9a.js" line: 0}] @ https://pss.bdstatic.com/static/superman/js/lib/esl-cf7161da9a.js:0
[     206ms] [INFO] [JavaScript Error: "Referrer Policy: Ignoring the less restricted referrer policy “origin-when-cross-origin” for the cross-site request: https://pss.bdstatic.com/r/www/cache/static/protocol/https/bundles/es6-polyfill_388d059.js" {file: "https://pss.bdstatic.com/r/www/cache/static/protocol/https/bundles/es6-polyfill_388d059.js" line: 0}] @ https://pss.bdstatic.com/r/www/cache/static/protocol/https/bundles/es6-polyfill_388d059.js:0
[     206ms] [INFO] [JavaScript Error: "Referrer Policy: Ignoring the less restricted referrer policy “origin-when-cross-origin” for the cross-site request: https://pss.bdstatic.com/r/www/cache/static/protocol/https/bundles/polyfill_9354efa.js" {file: "https://pss.bdstatic.com/r/www/cache/static/protocol/https/bundles/polyfill_9354efa.js" line: 0}] @ https://pss.bdstatic.com/r/www/cache/static/protocol/https/bundles/polyfill_9354efa.js:0
[     206ms] [INFO] [JavaScript Error: "Referrer Policy: Ignoring the less restricted referrer policy “origin-when-cross-origin” for the cross-site request: https://pss.bdstatic.com/r/www/cache/static/protocol/https/global/js/instant_search_newi_e1a452c.js" {file: "https://pss.bdstatic.com/r/www/cache/static/protocol/https/global/js/instant_search_newi_e1a452c.js" line: 0}] @ https://pss.bdstatic.com/r/www/cache/static/protocol/https/global/js/instant_search_newi_e1a452c.js:0
[     206ms] [INFO] [JavaScript Error: "Referrer Policy: Ignoring the less restricted referrer policy “origin-when-cross-origin” for the cross-site request: https://pss.bdstatic.com/r/www/cache/static/protocol/https/global/js/all_async_search_0a8bc0a.js" {file: "https://pss.bdstatic.com/r/www/cache/static/protocol/https/global/js/all_async_search_0a8bc0a.js" line: 0}] @ https://pss.bdstatic.com/r/www/cache/static/protocol/https/global/js/all_async_search_0a8bc0a.js:0
[     206ms] [INFO] [JavaScript Error: "Referrer Policy: Ignoring the less restricted referrer policy “origin-when-cross-origin” for the cross-site request: https://pss.bdstatic.com/static/superman/js/sbase-54ce79130f.js" {file: "https://pss.bdstatic.com/static/superman/js/sbase-54ce79130f.js" line: 0}] @ https://pss.bdstatic.com/static/superman/js/sbase-54ce79130f.js:0
[     206ms] [INFO] [JavaScript Error: "Referrer Policy: Ignoring the less restricted referrer policy “origin-when-cross-origin” for the cross-site request: https://pss.bdstatic.com/static/superman/css/ubase_sync-d600f57804.css?v=md5" {file: "https://pss.bdstatic.com/static/superman/css/ubase_sync-d600f57804.css?v=md5" line: 0}] @ https://pss.bdstatic.com/static/superman/css/ubase_sync-d600f57804.css?v=md5:0
[     206ms] [INFO] [JavaScript Error: "Referrer Policy: Ignoring the less restricted referrer policy “origin-when-cross-origin” for the cross-site request: https://pss.bdstatic.com/static/superman/js/s_super_index-895c0c52f8.js" {file: "https://pss.bdstatic.com/static/superman/js/s_super_index-895c0c52f8.js" line: 0}] @ https://pss.bdstatic.com/static/superman/js/s_super_index-895c0c52f8.js:0
[     207ms] [INFO] [JavaScript Error: "Referrer Policy: Ignoring the less restricted referrer policy “origin-when-cross-origin” for the cross-site request: https://pss.bdstatic.com/static/superman/js/min_super-59d337a005.js" {file: "https://pss.bdstatic.com/static/superman/js/min_super-59d337a005.js" line: 0}] @ https://pss.bdstatic.com/static/superman/js/min_super-59d337a005.js:0
[     207ms] [INFO] [JavaScript Error: "Referrer Policy: Ignoring the less restricted referrer policy “origin-when-cross-origin” for the cross-site request: https://pss.bdstatic.com/static/superman/js/components/hotsearch-adc3aad89e.js" {file: "https://pss.bdstatic.com/static/superman/js/components/hotsearch-adc3aad89e.js" line: 0}] @ https://pss.bdstatic.com/static/superman/js/components/hotsearch-adc3aad89e.js:0
[     348ms] [WARNING] [JavaScript Warning: "Window.fullScreen attribute is deprecated and will be removed in the future." {file: "https://pss.bdstatic.com/r/www/cache/static/protocol/https/bundles/polyfill_9354efa.js" line: 18}] @ https://pss.bdstatic.com/r/www/cache/static/protocol/https/bundles/polyfill_9354efa.js:18
[     349ms] [WARNING] [JavaScript Warning: "InstallTrigger is deprecated and will be removed in the future." {file: "https://pss.bdstatic.com/r/www/cache/static/protocol/https/bundles/polyfill_9354efa.js" line: 18}] @ https://pss.bdstatic.com/r/www/cache/static/protocol/https/bundles/polyfill_9354efa.js:18
[     392ms] [LOG] 无畏是青春的态度，热AI是时代的脉搏。
各位新同学正以无畏的姿态奔赴通用人工智能的星辰大海！
作为引领AI时代浪潮的主力军，广阔舞台，待你大展身手。
乘风破浪，勇往直前，未来百度将与你一起，创造无限可能！
 @ https://pss.bdstatic.com/r/www/cache/static/protocol/https/global/js/all_async_search_0a8bc0a.js:2037
[     393ms] [LOG] 百度2026校园招聘简历投递：https://talent.baidu.com/jobs/list @ https://pss.bdstatic.com/r/www/cache/static/protocol/https/global/js/all_async_search_0a8bc0a.js:2037
[     484ms] [INFO] [JavaScript Error: "Referrer Policy: Ignoring the less restricted referrer policy “origin-when-cross-origin” for the cross-site request: https://pss.bdstatic.com/r/www/cache/static/protocol/https/plugins/bzPopper_d8249c4.js" {file: "https://pss.bdstatic.com/r/www/cache/static/protocol/https/plugins/bzPopper_d8249c4.js" line: 0}] @ https://pss.bdstatic.com/r/www/cache/static/protocol/https/plugins/bzPopper_d8249c4.js:0
[     484ms] [INFO] [JavaScript Error: "Referrer Policy: Ignoring the less restricted referrer policy “origin-when-cross-origin” for the cross-site request: https://pss.bdstatic.com/r/www/cache/static/protocol/https/home/js/nu_instant_search_a207b09.js" {file: "https://pss.bdstatic.com/r/www/cache/static/protocol/https/home/js/nu_instant_search_a207b09.js" line: 0}] @ https://pss.bdstatic.com/r/www/cache/static/protocol/https/home/js/nu_instant_search_a207b09.js:0
[     485ms] [INFO] [JavaScript Error: "Referrer Policy: Ignoring the less restricted referrer policy “origin-when-cross-origin” for the cross-site request: https://pss.bdstatic.com/static/superman-san/app/chat-input/result_a71c1ee.js" {file: "https://pss.bdstatic.com/static/superman-san/app/chat-input/result_a71c1ee.js" line: 0}] @ https://pss.bdstatic.com/static/superman-san/app/chat-input/result_a71c1ee.js:0
[     485ms] [WARNING] [JavaScript Warning: "Failed to create WebGL context: WebGL is currently disabled." {file: "https://hectorstatic.baidu.com/cd37ed75a9387c5b.js" line: 1}] @ https://hectorstatic.baidu.com/cd37ed75a9387c5b.js:1
[     486ms] [WARNING] [JavaScript Warning: "Failed to create WebGL context: WebGL is currently disabled." {file: "https://hectorstatic.baidu.com/cd37ed75a9387c5b.js" line: 1}] @ https://hectorstatic.baidu.com/cd37ed75a9387c5b.js:1
[     486ms] [WARNING] [JavaScript Warning: "Failed to create WebGL context: WebGL is currently disabled." {file: "https://hectorstatic.baidu.com/cd37ed75a9387c5b.js" line: 1}] @ https://hectorstatic.baidu.com/cd37ed75a9387c5b.js:1
[     487ms] [INFO] [JavaScript Error: "Referrer Policy: Ignoring the less restricted referrer policy “origin-when-cross-origin” for the cross-site request: https://pss.bdstatic.com/static/superman/font/iconfont-fa013548a9.woff2" {file: "https://pss.bdstatic.com/static/superman/font/iconfont-fa013548a9.woff2" line: 0}] @ https://pss.bdstatic.com/static/superman/font/iconfont-fa013548a9.woff2:0
[     487ms] [WARNING] [JavaScript Warning: "onmozfullscreenchange is deprecated." {file: "https://hectorstatic.baidu.com/cd37ed75a9387c5b.js" line: 1}] @ https://hectorstatic.baidu.com/cd37ed75a9387c5b.js:1
[     488ms] [WARNING] [JavaScript Warning: "onmozfullscreenerror is deprecated." {file: "https://hectorstatic.baidu.com/cd37ed75a9387c5b.js" line: 1}] @ https://hectorstatic.baidu.com/cd37ed75a9387c5b.js:1
[     515ms] [INFO] [JavaScript Error: "Referrer Policy: Ignoring the less restricted referrer policy “origin-when-cross-origin” for the cross-site request: https://pss.bdstatic.com/static/superman/js/components/placeholder-526e7e14da.js" {file: "https://pss.bdstatic.com/static/superman/js/components/placeholder-526e7e14da.js" line: 0}] @ https://pss.bdstatic.com/static/superman/js/components/placeholder-526e7e14da.js:0
[     516ms] [INFO] [JavaScript Error: "Referrer Policy: Ignoring the less restricted referrer policy “origin-when-cross-origin” for the cross-site request: https://pss.bdstatic.com/r/www/cache/static/protocol/https/amd_modules/@baidu/guarantee-popper_784e0ad.js" {file: "https://pss.bdstatic.com/r/www/cache/static/protocol/https/amd_modules/@baidu/guarantee-popper_784e0ad.js" line: 0}] @ https://pss.bdstatic.com/r/www/cache/static/protocol/https/amd_modules/@baidu/guarantee-popper_784e0ad.js:0
[     521ms] [INFO] [JavaScript Error: "Referrer Policy: Ignoring the less restricted referrer policy “origin-when-cross-origin” for the cross-site request: https://pss.bdstatic.com/r/www/cache/static/protocol/https/plugins/every_cookie_4644b13.js" {file: "https://pss.bdstatic.com/r/www/cache/static/protocol/https/plugins/every_cookie_4644b13.js" line: 0}] @ https://pss.bdstatic.com/r/www/cache/static/protocol/https/plugins/every_cookie_4644b13.js:0
[     523ms] [WARNING] [JavaScript Warning: "A resource is blocked by OpaqueResponseBlocking, please check browser console for details." {file: "https://sp2.baidu.com/-L-Ysjip0QIZ8tyhnq/v.gif?mod=superman%3Acomponents&submod=hotsearch&utype=undefined&superver=supernewplus&portrait=undefined&logPortrait=undefined&glogid=2150270022&type=2011&pid=315&isLogin=0&version=PCHome&terminal=PC&qid=0xd450e753002a8446&sid=&super_frm=&from_login=&from_reg=&query=&curcard=2&curcardtab=&_r=0.2263564813071316&m=superman%3Acomponents_hotsearchShow&showType=hotword&words=%5B%22%E5%AF%84%E6%9C%9B%E4%B8%AD%E4%BF%84%E5%85%B3%E7%B3%BB%E5%8F%91%E5%B1%95%22%2C%22%E3%80%8A%" line: 0}] @ https://sp2.baidu.com/-L-Ysjip0QIZ8tyhnq/v.gif?mod=superman%3Acomponents&submod=hotsearch&utype=undefined&superver=supernewplus&portrait=undefined&logPortrait=undefined&glogid=2150270022&type=2011&pid=315&isLogin=0&version=PCHome&terminal=PC&qid=0xd450e753002a8446&sid=&super_frm=&from_login=&from_reg=&query=&curcard=2&curcardtab=&_r=0.2263564813071316&m=superman%3Acomponents_hotsearchShow&showType=hotword&words=%5B%22%E5%AF%84%E6%9C%9B%E4%B8%AD%E4%BF%84%E5%85%B3%E7%B3%BB%E5%8F%91%E5%B1%95%22%2C%22%E3%80%8A%E7%BB%99%E9%98%BF%E5%AC%B7%E7%9A%84%E6%83%85%E4%B9%A6%E3%80%8B%E6%8B%BF%E5%88%B0%E7%AC%AC%E4%B8%80%E4%B8%AA%E7%94%B5%E5%BD%B1%E5%A5%96%22%2C%22%E2%80%9C%E5%B9%B8%E5%A5%BD%E6%B2%A1%E6%89%8E%E8%84%B8%E4%B8%8A%20%E4%B8%8D%E7%84%B6%E5%A9%9A%E9%83%BD%E7%BB%93%E4%B8%8D%E4%BA%86%E4%BA%86%E2%80%9D%22%2C%22%E5%87%80%E7%BD%91%EF%BC%9A%E6%8B%8D%E5%88%B0%E2%80%9C%E9%87%8E%E7%94%9F%E5%8D%8E%E5%8D%97%E8%99%8E%E2%80%9D%E7%B3%BB%E8%B0%A3%E8%A8%80%22%2C%22%E5%A5%B6%E5%A5%B6%E8%B7%A8%E8%B6%8A5000%E5%85%AC%E9%87%8C%E6%8E%A2%E6%9C%9B5%E8%83%9E%E8%83%8E%E6%B3%AA%E6%B4%92%E7%8E%B0%E5%9C%BA%22%2C%22%E9%9B%B7%E5%86%9B%E5%BC%BA%E7%83%88%E5%BB%BA%E8%AE%AE%E5%A4%A7%E5%AE%B6%E7%8E%B0%E5%9C%A8%E5%B0%B1%E6%8D%A2%E6%89%8B%E6%9C%BA%22%2C%222026%E6%96%87%E5%8C%96%E5%BC%BA%E5%9B%BD%E5%BB%BA%E8%AE%BE%E9%AB%98%E5%B3%B0%E8%AE%BA%E5%9D%9B%E5%9C%A8%E6%B7%B1%E5%9C%B3%E5%BC%80%E5%B9%95%22%2C%22%E2%80%9C%E7%9C%81%E7%9A%84%E6%B2%B9%E9%92%B1%20%E5%85%A8%E8%B4%B4%E8%BF%9B%E4%BF%AE%E8%BD%A6%E8%B4%B9%E4%BA%86%E2%80%9D%22%2C%22%E4%B8%BA%E4%BD%95AI%E6%80%BB%E4%BC%9A%E4%B8%80%E6%9C%AC%E6%AD%A3%E7%BB%8F%E5%9C%B0%E8%83%A1%E8%AF%B4%E5%85%AB%E9%81%93%22%2C%22%E5%8D%B0%E5%AA%92%EF%BC%9A%E4%B8%AD%E5%9B%BD38%E4%B8%AA%E6%9C%88%E5%BB%BA%E6%88%90%E4%B8%96%E7%95%8C%E6%9C%80%E5%A4%A7%E7%81%AB%E8%BD%A6%E7%AB%99%22%5D&pagenum=0:0
[     586ms] [WARNING] [JavaScript Warning: "A resource is blocked by OpaqueResponseBlocking, please check browser console for details." {file: "https://sp1.baidu.com/-L-Xsjip0QIZ8tyhnq/v.gif?logactid=1234567890&showTab=10000&opType=showpv&mod=superman%3Alib&submod=index&superver=supernewplus&glogid=2150270022&type=2011&pid=315&isLogin=0&version=PCHome&terminal=PC&qid=0xd450e753002a8446&sid=&super_frm=&from_login=&from_reg=&query=&curcard=2&curcardtab=&_r=0.9504659900089983" line: 0}] @ https://sp1.baidu.com/-L-Xsjip0QIZ8tyhnq/v.gif?logactid=1234567890&showTab=10000&opType=showpv&mod=superman%3Alib&submod=index&superver=supernewplus&glogid=2150270022&type=2011&pid=315&isLogin=0&version=PCHome&terminal=PC&qid=0xd450e753002a8446&sid=&super_frm=&from_login=&from_reg=&query=&curcard=2&curcardtab=&_r=0.9504659900089983:0
[     586ms] [WARNING] [JavaScript Warning: "A resource is blocked by OpaqueResponseBlocking, please check browser console for details." {file: "https://sp1.baidu.com/-L-Xsjip0QIZ8tyhnq/v.gif?logactid=1234567890&showTab=10000&opType=nodepv&mod=superman%3Alib&submod=index&superver=supernewplus&glogid=2150270022&type=2011&pid=315&isLogin=0&version=PCHome&terminal=PC&qid=0xd450e753002a8446&sid=&super_frm=&from_login=&from_reg=&query=&curcard=2&curcardtab=&_r=0.05423992385919285" line: 0}] @ https://sp1.baidu.com/-L-Xsjip0QIZ8tyhnq/v.gif?logactid=1234567890&showTab=10000&opType=nodepv&mod=superman%3Alib&submod=index&superver=supernewplus&glogid=2150270022&type=2011&pid=315&isLogin=0&version=PCHome&terminal=PC&qid=0xd450e753002a8446&sid=&super_frm=&from_login=&from_reg=&query=&curcard=2&curcardtab=&_r=0.05423992385919285:0
[     612ms] [INFO] [JavaScript Error: "Referrer Policy: Ignoring the less restricted referrer policy “origin-when-cross-origin” for the cross-site request: https://psstatic.cdn.bcebos.com/basics/chat/afx%202_1750155358000.mp4" {file: "https://psstatic.cdn.bcebos.com/basics/chat/afx%202_1750155358000.mp4" line: 0}] @ https://psstatic.cdn.bcebos.com/basics/chat/afx%202_1750155358000.mp4:0
[     810ms] [INFO] [JavaScript Error: "Referrer Policy: Ignoring the less restricted referrer policy “origin-when-cross-origin” for the cross-site request: https://pss.bdstatic.com/static/superman/js/components/tips-e2ceadd14d.js" {file: "https://pss.bdstatic.com/static/superman/js/components/tips-e2ceadd14d.js" line: 0}] @ https://pss.bdstatic.com/static/superman/js/components/tips-e2ceadd14d.js:0
[     811ms] [INFO] [JavaScript Error: "Referrer Policy: Ignoring the less restricted referrer policy “origin-when-cross-origin” for the cross-site request: https://pss.bdstatic.com/static/superman/js/super_load-0d4dae915e.js" {file: "https://pss.bdstatic.com/static/superman/js/super_load-0d4dae915e.js" line: 0}] @ https://pss.bdstatic.com/static/superman/js/super_load-0d4dae915e.js:0
[     811ms] [INFO] [JavaScript Error: "Referrer Policy: Ignoring the less restricted referrer policy “origin-when-cross-origin” for the cross-site request: https://pss.bdstatic.com/static/superman/js/components/qrcode-c2353b5178.js" {file: "https://pss.bdstatic.com/static/superman/js/components/qrcode-c2353b5178.js" line: 0}] @ https://pss.bdstatic.com/static/superman/js/components/qrcode-c2353b5178.js:0
[     811ms] [INFO] [JavaScript Error: "Referrer Policy: Ignoring the less restricted referrer policy “origin-when-cross-origin” for the cross-site request: https://pss.bdstatic.com/static/superman/js/components/advert-374dc154df.js" {file: "https://pss.bdstatic.com/static/superman/js/components/advert-374dc154df.js" line: 0}] @ https://pss.bdstatic.com/static/superman/js/components/advert-374dc154df.js:0
[     811ms] [INFO] [JavaScript Error: "Referrer Policy: Ignoring the less restricted referrer policy “origin-when-cross-origin” for the cross-site request: https://pss.bdstatic.com/static/superman/js/components/login_guide-4fba3971ce.js" {file: "https://pss.bdstatic.com/static/superman/js/components/login_guide-4fba3971ce.js" line: 0}] @ https://pss.bdstatic.com/static/superman/js/components/login_guide-4fba3971ce.js:0
[     811ms] [INFO] [JavaScript Error: "Referrer Policy: Ignoring the less restricted referrer policy “origin-when-cross-origin” for the cross-site request: https://pss.bdstatic.com/static/superman/js/components/video-meet-7833028d86.js" {file: "https://pss.bdstatic.com/static/superman/js/components/video-meet-7833028d86.js" line: 0}] @ https://pss.bdstatic.com/static/superman/js/components/video-meet-7833028d86.js:0
[     811ms] [INFO] [JavaScript Error: "Referrer Policy: Ignoring the less restricted referrer policy “origin-when-cross-origin” for the cross-site request: https://pss.bdstatic.com/static/superman/js/components/content-info-5988a1696b.js" {file: "https://pss.bdstatic.com/static/superman/js/components/content-info-5988a1696b.js" line: 0}] @ https://pss.bdstatic.com/static/superman/js/components/content-info-5988a1696b.js:0
[     811ms] [INFO] [JavaScript Error: "Referrer Policy: Ignoring the less restricted referrer policy “origin-when-cross-origin” for the cross-site request: https://pss.bdstatic.com/static/superman/js/components/csaitab-log-a9c9cae804.js" {file: "https://pss.bdstatic.com/static/superman/js/components/csaitab-log-a9c9cae804.js" line: 0}] @ https://pss.bdstatic.com/static/superman/js/components/csaitab-log-a9c9cae804.js:0
[     811ms] [INFO] [JavaScript Error: "Referrer Policy: Ignoring the less restricted referrer policy “origin-when-cross-origin” for the cross-site request: https://pss.bdstatic.com/static/superman/js/components/top-right-operate/operate-b7693b0cc7.js" {file: "https://pss.bdstatic.com/static/superman/js/components/top-right-operate/operate-b7693b0cc7.js" line: 0}] @ https://pss.bdstatic.com/static/superman/js/components/top-right-operate/operate-b7693b0cc7.js:0
[     812ms] [INFO] [JavaScript Error: "Referrer Policy: Ignoring the less restricted referrer policy “origin-when-cross-origin” for the cross-site request: https://pss.bdstatic.com/static/superman/js/components/aging-tools-677364d49f.js" {file: "https://pss.bdstatic.com/static/superman/js/components/aging-tools-677364d49f.js" line: 0}] @ https://pss.bdstatic.com/static/superman/js/components/aging-tools-677364d49f.js:0
[     812ms] [INFO] [JavaScript Error: "Referrer Policy: Ignoring the less restricted referrer policy “origin-when-cross-origin” for the cross-site request: https://pss.bdstatic.com/static/superman/js/components/invoke-97e9694cb9.js" {file: "https://pss.bdstatic.com/static/superman/js/components/invoke-97e9694cb9.js" line: 0}] @ https://pss.bdstatic.com/static/superman/js/components/invoke-97e9694cb9.js:0
[     812ms] [INFO] [JavaScript Error: "Referrer Policy: Ignoring the less restricted referrer policy “origin-when-cross-origin” for the cross-site request: https://pss.bdstatic.com/static/superman/js/components/new-search-guide-bub-a65115eb7c.js" {file: "https://pss.bdstatic.com/static/superman/js/components/new-search-guide-bub-a65115eb7c.js" line: 0}] @ https://pss.bdstatic.com/static/superman/js/components/new-search-guide-bub-a65115eb7c.js:0
[     812ms] [WARNING] [JavaScript Warning: "Failed to create WebGL context: WebGL is currently disabled." {file: "https://pss.bdstatic.com/static/superman-san/app/chat-input/result_a71c1ee.js" line: 10}] @ https://pss.bdstatic.com/static/superman-san/app/chat-input/result_a71c1ee.js:10
[     813ms] uncaught exception: WebGLRenderingContext Error
    at a</o.prototype.initAnimation (https://pss.bdstatic.com/static/superman-san/app/chat-input/result_a71c1ee.js:10:155156)
    at a</o.prototype.initCanPlayThrough (https://pss.bdstatic.com/static/superman-san/app/chat-input/result_a71c1ee.js:10:153582)
    at EventListener.handleEvent*a</o.prototype.attached/< (https://pss.bdstatic.com/static/superman-san/app/chat-input/result_a71c1ee.js:10:152794)
    at ti (https://pss.bdstatic.com/r/www/cache/static/protocol/https/global/js/all_async_search_0a8bc0a.js:2815:438)
    at EventHandlerNonNull*l (https://pss.bdstatic.com/r/www/cache/static/protocol/https/global/js/all_async_search_0a8bc0a.js:2816:1)
    at a</o.prototype.attached (https://pss.bdstatic.com/static/superman-san/app/chat-input/result_a71c1ee.js:10:152498)
    at zt.prototype._toPhase (https://pss.bdstatic.com/r/www/cache/static/protocol/https/global/js/all_async_search_0a8bc0a.js:2906:662)
    at zt.prototype.attach (https://pss.bdstatic.com/r/www/cache/static/protocol/https/global/js/all_async_search_0a8bc0a.js:2920:443)
    at t (https://pss.bdstatic.com/r/www/cache/static/protocol/https/global/js/all_async_search_0a8bc0a.js:2942:236)
    at Wt.prototype._update (https://pss.bdstatic.com/r/www/cache/static/protocol/https/global/js/all_async_search_0a8bc0a.js:2943:116)
    at zt.prototype._update (https://pss.bdstatic.com/r/www/cache/static/protocol/https/global/js/all_async_search_0a8bc0a.js:2914:371)
    at ti (https://pss.bdstatic.com/r/www/cache/static/protocol/https/global/js/all_async_search_0a8bc0a.js:2815:438)
    at EventHandlerNonNull*l (https://pss.bdstatic.com/r/www/cache/static/protocol/https/global/js/all_async_search_0a8bc0a.js:2816:1)
    at zt.prototype._initDataChanger/this._dataChanger (https://pss.bdstatic.com/r/www/cache/static/protocol/https/global/js/all_async_search_0a8bc0a.js:2917:70)
    at Z.prototype.fire (https://pss.bdstatic.com/r/www/cache/static/protocol/https/global/js/all_async_search_0a8bc0a.js:2895:214)
    at Z.prototype.set (https://pss.bdstatic.com/r/www/cache/static/protocol/https/global/js/all_async_search_0a8bc0a.js:2896:118)
    at a</L.prototype.checkAnime (https://pss.bdstatic.com/static/superman-san/app/chat-input/result_a71c1ee.js:10:58219)
    at a</L.prototype.attached (https://pss.bdstatic.com/static/superman-san/app/chat-input/result_a71c1ee.js:10:39445)
    at zt.prototype._toPhase (https://pss.bdstatic.com/r/www/cache/static/protocol/https/global/js/all_async_search_0a8bc0a.js:2906:662)
    at zt (https://pss.bdstatic.com/r/www/cache/static/protocol/https/global/js/all_async_search_0a8bc0a.js:2869:475)
    at L (https://pss.bdstatic.com/static/superman-san/app/chat-input/result_a71c1ee.js:10:75803)
    at execute/</< (https://pss.bdstatic.com/static/superman/js/sbase-54ce79130f.js:151:218)
    at tryFinishRequire (https://pss.bdstatic.com/static/superman/js/lib/esl-cf7161da9a.js:15:277)
    at nativeAsyncRequire (https://pss.bdstatic.com/static/superman/js/lib/esl-cf7161da9a.js:15:12)
    at createLocalRequire/req/< (https://pss.bdstatic.com/static/superman/js/lib/esl-cf7161da9a.js:26:284)
    at tryFinishRequire (https://pss.bdstatic.com/static/superman/js/lib/esl-cf7161da9a.js:15:277)
    at modDefined (https://pss.bdstatic.com/static/superman/js/lib/esl-cf7161da9a.js:14:209)
    at invokeFactory (https://pss.bdstatic.com/static/superman/js/lib/esl-cf7161da9a.js:12:386)
    at modTryInvokeFactory (https://pss.bdstatic.com/static/superman/js/lib/esl-cf7161da9a.js:13:57)
    at modAutoDefine (https://pss.bdstatic.com/static/superman/js/lib/esl-cf7161da9a.js:10:175)
    at loaded (https://pss.bdstatic.com/static/superman/js/lib/esl-cf7161da9a.js:17:321)
    at innerOnload (https://pss.bdstatic.com/static/superman/js/lib/esl-cf7161da9a.js:33:71)
    at EventHandlerNonNull*createScript (https://pss.bdstatic.com/static/superman/js/lib/esl-cf7161da9a.js:32:217)
    at load (https://pss.bdstatic.com/static/superman/js/lib/esl-cf7161da9a.js:16:380)
    at loadModule (https://pss.bdstatic.com/static/superman/js/lib/esl-cf7161da9a.js:16:303)
    at nativeAsyncRequire/< (https://pss.bdstatic.com/static/superman/js/lib/esl-cf7161da9a.js:14:492)
    at each (https://pss.bdstatic.com/static/superman/js/lib/esl-cf7161da9a.js:30:158)
    at nativeAsyncRequire (https://pss.bdstatic.com/static/superman/js/lib/esl-cf7161da9a.js:14:336)
    at req (https://pss.bdstatic.com/static/superman/js/lib/esl-cf7161da9a.js:26:119)
    at globalRequire (https://pss.bdstatic.com/static/superman/js/lib/esl-cf7161da9a.js:3:180)
    at execute/< (https://pss.bdstatic.com/static/superman/js/sbase-54ce79130f.js:151:121)
    at execute (https://pss.bdstatic.com/static/superman/js/sbase-54ce79130f.js:150:315)
    at init (https://pss.bdstatic.com/static/superman/js/sbase-54ce79130f.js:152:145)
    at F.call/< (https://pss.bdstatic.com/static/superman/js/sbase-54ce79130f.js:95:90)
    at F.use/</< (https://pss.bdstatic.com/static/superman/js/sbase-54ce79130f.js:92:379)
    at ready/< (https://pss.bdstatic.com/static/superman/js/sbase-54ce79130f.js:85:314)
    at forEach (https://pss.bdstatic.com/static/superman/js/sbase-54ce79130f.js:76:106)
    at ready (https://pss.bdstatic.com/static/superman/js/sbase-54ce79130f.js:85:281)
    at define (https://pss.bdstatic.com/static/superman/js/sbase-54ce79130f.js:86:346)
    at lazyLoad (https://pss.bdstatic.com/static/superman/js/sbase-54ce79130f.js:84:124)
    at F.use/< (https://pss.bdstatic.com/static/superman/js/sbase-54ce79130f.js:92:403)
    at forEach (https://pss.bdstatic.com/static/superman/js/sbase-54ce79130f.js:76:106)
    at F.use (https://pss.bdstatic.com/static/superman/js/sbase-54ce79130f.js:92:70)
    at F.call (https://pss.bdstatic.com/static/superman/js/sbase-54ce79130f.js:94:494)
    at  (https://pss.bdstatic.com/static/superman/js/sbase-54ce79130f.js:152:189)
[     907ms] [INFO] [JavaScript Error: "Referrer Policy: Ignoring the less restricted referrer policy “origin-when-cross-origin” for the cross-site request: https://pss.bdstatic.com/static/superman/js/ubase-dddde7cd4e.js?v=md5" {file: "https://pss.bdstatic.com/static/superman/js/ubase-dddde7cd4e.js?v=md5" line: 0}] @ https://pss.bdstatic.com/static/superman/js/ubase-dddde7cd4e.js?v=md5:0
[     921ms] [INFO] [JavaScript Error: "Referrer Policy: Ignoring the less restricted referrer policy “origin-when-cross-origin” for the cross-site request: https://pss.bdstatic.com/static/superman/amd_modules/@baidu/video-meeting-1be7f62dac.js" {file: "https://pss.bdstatic.com/static/superman/amd_modules/@baidu/video-meeting-1be7f62dac.js" line: 0}] @ https://pss.bdstatic.com/static/superman/amd_modules/@baidu/video-meeting-1be7f62dac.js:0
[     921ms] [INFO] [JavaScript Error: "Referrer Policy: Ignoring the less restricted referrer policy “origin-when-cross-origin” for the cross-site request: https://pss.bdstatic.com/static/superman/js/components/guide_tips-d9e617f782.js" {file: "https://pss.bdstatic.com/static/superman/js/components/guide_tips-d9e617f782.js" line: 0}] @ https://pss.bdstatic.com/static/superman/js/components/guide_tips-d9e617f782.js:0
[     992ms] [INFO] [JavaScript Error: "Referrer Policy: Ignoring the less restricted referrer policy “origin-when-cross-origin” for the cross-site request: https://pss.bdstatic.com/r/www/cache/static/protocol/https/amd_modules/@baidu/aging-tools-pc_63487d8.js" {file: "https://pss.bdstatic.com/r/www/cache/static/protocol/https/amd_modules/@baidu/aging-tools-pc_63487d8.js" line: 0}] @ https://pss.bdstatic.com/r/www/cache/static/protocol/https/amd_modules/@baidu/aging-tools-pc_63487d8.js:0
[     992ms] [INFO] [JavaScript Error: "Referrer Policy: Ignoring the less restricted referrer policy “origin-when-cross-origin” for the cross-site request: https://pss.bdstatic.com/static/superman/css/ubase-89d6b96e41.css?v=md5" {file: "https://pss.bdstatic.com/static/superman/css/ubase-89d6b96e41.css?v=md5" line: 0}] @ https://pss.bdstatic.com/static/superman/css/ubase-89d6b96e41.css?v=md5:0
[     992ms] [WARNING] [JavaScript Warning: "Failed to create WebGL context: WebGL is currently disabled." {file: "https://hectorstatic.baidu.com/96c9c06653ba892e.js" line: 1}] @ https://hectorstatic.baidu.com/96c9c06653ba892e.js:1
[     992ms] [WARNING] [JavaScript Warning: "Failed to create WebGL context: WebGL is currently disabled." {file: "https://hectorstatic.baidu.com/96c9c06653ba892e.js" line: 1}] @ https://hectorstatic.baidu.com/96c9c06653ba892e.js:1
[     993ms] [WARNING] [JavaScript Warning: "Failed to create WebGL context: WebGL is currently disabled." {file: "https://hectorstatic.baidu.com/96c9c06653ba892e.js" line: 1}] @ https://hectorstatic.baidu.com/96c9c06653ba892e.js:1
[    2756ms] [WARNING] [JavaScript Warning: "A resource is blocked by OpaqueResponseBlocking, please check browser console for details." {file: "https://sp3.baidu.com/-0U_dTmfKgQFm2e88IuM_a/ps_fp.htm?pid=superman&fp=undefined&im=undefined&wf=undefined&br=3&qid=0xd450e753002a8446&bi=FFD98B5D75F3D4A1FA28DA0B9EB1ACD3:FG=1" line: 0}] @ https://sp3.baidu.com/-0U_dTmfKgQFm2e88IuM_a/ps_fp.htm?pid=superman&fp=undefined&im=undefined&wf=undefined&br=3&qid=0xd450e753002a8446&bi=FFD98B5D75F3D4A1FA28DA0B9EB1ACD3:FG=1:0
[   48184ms] [ERROR] [JavaScript Error: "Cross-Origin Request Blocked: The Same Origin Policy disallows reading the remote resource at https://wappass.baidu.com/static/captcha/tuxing_v2.html?&logid=11437775473113041083&ak=c27bbc89afca0463650ac9bde68ebe06&backurl=https%3A%2F%2Fwww.baidu.com%2Fs%3Fie%3Dutf-8%26mod%3D11%26isbd%3D1%26isid%3DFFD98B1ACD385233%26ie%3Dutf-8%26f%3D8%26rsv_bp%3D1%26rsv_idx%3D1%26tn%3Dbaidu%26wd%3Dgk.edu-sjtu.cn%26fenlei%3D256%26rsv_pq%3D0xd450e753002a8446%26rsv_t%3D0fb5EiEBJ%252BlHZYnPk4fdnMLOOqZVc53JWqetaBNHY0StOpwQLBeEo7gemGWM%26rqlang%3Den%26rsv_enter%3D1%26rsv_dl%3Dtb_pre%26rsv_sid%3D%26_ss%3D1%26clist%3D%26hsug%3D%26csor%3D14%26pstg%3D5%26_cr1%3D24568&ext=x9G9QDmMXq%2FNo87gjGO0P%2Fxb0M31By8tL0qt2Ojg6ew9qxHzv8tRxodBg5SciE9xg1T9i%2F9aWxTqDk%2BHyX%2BPs5JsWPkiWzSnqQ64oXbg%2Ff5ZrXhraNNJ0Po22H1NG05TSCAe1EQ3IsG%2BFn2u6CQ8X0ggHtRENyLBvhZ9rugkPF9IIB7URDciwb4Wfa7oJDxfSCAe1EQ3IsG%2BFn2u6CQ8X8sGkcT84Wmw7BKtMPMab9I%3D&signature=c641ec37c714aa861a0c0008d7eff8db&timestamp=1779417466. (Reason: CORS header ‘Access-Control-Allow-Origin’ missing). Status code: 200."] @ :0
[   48185ms] [ERROR] [JavaScript Error: "Cross-Origin Request Blocked: The Same Origin Policy disallows reading the remote resource at https://wappass.baidu.com/static/captcha/tuxing_v2.html?&logid=11437775473113041083&ak=c27bbc89afca0463650ac9bde68ebe06&backurl=https%3A%2F%2Fwww.baidu.com%2Fs%3Fie%3Dutf-8%26mod%3D11%26isbd%3D1%26isid%3DFFD98B1ACD385233%26ie%3Dutf-8%26f%3D8%26rsv_bp%3D1%26rsv_idx%3D1%26tn%3Dbaidu%26wd%3Dgk.edu-sjtu.cn%26fenlei%3D256%26rsv_pq%3D0xd450e753002a8446%26rsv_t%3D0fb5EiEBJ%252BlHZYnPk4fdnMLOOqZVc53JWqetaBNHY0StOpwQLBeEo7gemGWM%26rqlang%3Den%26rsv_enter%3D1%26rsv_dl%3Dtb_pre%26rsv_sid%3D%26_ss%3D1%26clist%3D%26hsug%3D%26csor%3D14%26pstg%3D5%26_cr1%3D24568&ext=x9G9QDmMXq%2FNo87gjGO0P%2Fxb0M31By8tL0qt2Ojg6ew9qxHzv8tRxodBg5SciE9xg1T9i%2F9aWxTqDk%2BHyX%2BPs5JsWPkiWzSnqQ64oXbg%2Ff5ZrXhraNNJ0Po22H1NG05TSCAe1EQ3IsG%2BFn2u6CQ8X0ggHtRENyLBvhZ9rugkPF9IIB7URDciwb4Wfa7oJDxfSCAe1EQ3IsG%2BFn2u6CQ8X8sGkcT84Wmw7BKtMPMab9I%3D&signature=c641ec37c714aa861a0c0008d7eff8db&timestamp=1779417466. (Reason: CORS request did not succeed). Status code: (null)."] @ :0
[   53722ms] [ERROR] [JavaScript Error: "Cross-Origin Request Blocked: The Same Origin Policy disallows reading the remote resource at https://wappass.baidu.com/static/captcha/tuxing_v2.html?&logid=10798750563390758314&ak=c27bbc89afca0463650ac9bde68ebe06&backurl=https%3A%2F%2Fwww.baidu.com%2Fs%3Fie%3Dutf-8%26mod%3D1%26isbd%3D1%26isid%3DFFD98B1ACD385233%26ie%3Dutf-8%26f%3D8%26rsv_bp%3D1%26rsv_idx%3D1%26tn%3Dbaidu%26wd%3Dgk.edu-sjtu.cn%26fenlei%3D256%26rsv_pq%3D0xd450e753002a8446%26rsv_t%3D0fb5EiEBJ%252BlHZYnPk4fdnMLOOqZVc53JWqetaBNHY0StOpwQLBeEo7gemGWM%26rqlang%3Den%26rsv_enter%3D1%26rsv_dl%3Dtb_click%26rsv_sug3%3D1%26rsv_btype%3Di%26rsv_sid%3D%26_ss%3D1%26clist%3D%26hsug%3D%26f4s%3D1%26csor%3D14%26_cr1%3D26699&ext=x9G9QDmMXq%2FNo87gjGO0P9g5KGf9JKxybAaDfJTNY9qxS4CEhQa12Q7nS%2FbwHL39g1T9i%2F9aWxTqDk%2BHyX%2BPs3fsmjm5eeVO6mzC4A6SEd5ZrXhraNNJ0Po22H1NG05TSCAe1EQ3IsG%2BFn2u6CQ8X0ggHtRENyLBvhZ9rugkPF9IIB7URDciwb4Wfa7oJDxfSCAe1EQ3IsG%2BFn2u6CQ8X8sGkcT84Wmw7BKtMPMab9I%3D&signature=e35399aaa9d4fc03cb17e1523a9ae28a&timestamp=1779417472. (Reason: CORS header ‘Access-Control-Allow-Origin’ missing). Status code: 200."] @ :0
[   53725ms] [LOG] onbeforeunload save spyCache @ https://pss.bdstatic.com/r/www/cache/static/protocol/https/global/js/all_async_search_0a8bc0a.js:1852
[   53731ms] [ERROR] [JavaScript Error: "Cross-Origin Request Blocked: The Same Origin Policy disallows reading the remote resource at https://wappass.baidu.com/static/captcha/tuxing_v2.html?&logid=10798750563390758314&ak=c27bbc89afca0463650ac9bde68ebe06&backurl=https%3A%2F%2Fwww.baidu.com%2Fs%3Fie%3Dutf-8%26mod%3D1%26isbd%3D1%26isid%3DFFD98B1ACD385233%26ie%3Dutf-8%26f%3D8%26rsv_bp%3D1%26rsv_idx%3D1%26tn%3Dbaidu%26wd%3Dgk.edu-sjtu.cn%26fenlei%3D256%26rsv_pq%3D0xd450e753002a8446%26rsv_t%3D0fb5EiEBJ%252BlHZYnPk4fdnMLOOqZVc53JWqetaBNHY0StOpwQLBeEo7gemGWM%26rqlang%3Den%26rsv_enter%3D1%26rsv_dl%3Dtb_click%26rsv_sug3%3D1%26rsv_btype%3Di%26rsv_sid%3D%26_ss%3D1%26clist%3D%26hsug%3D%26f4s%3D1%26csor%3D14%26_cr1%3D26699&ext=x9G9QDmMXq%2FNo87gjGO0P9g5KGf9JKxybAaDfJTNY9qxS4CEhQa12Q7nS%2FbwHL39g1T9i%2F9aWxTqDk%2BHyX%2BPs3fsmjm5eeVO6mzC4A6SEd5ZrXhraNNJ0Po22H1NG05TSCAe1EQ3IsG%2BFn2u6CQ8X0ggHtRENyLBvhZ9rugkPF9IIB7URDciwb4Wfa7oJDxfSCAe1EQ3IsG%2BFn2u6CQ8X8sGkcT84Wmw7BKtMPMab9I%3D&signature=e35399aaa9d4fc03cb17e1523a9ae28a&timestamp=1779417472. (Reason: CORS request did not succeed). Status code: (null)."] @ :0
[   53751ms] [WARNING] [JavaScript Warning: "A resource is blocked by OpaqueResponseBlocking, please check browser console for details." {file: "https://mbd.baidu.com/ztbox?action=zpblog&appname=pcsearch&v=2.0&data=%7B%22cateid%22%3A%2299%22%2C%22actiondata%22%3A%7B%22id%22%3A19083%2C%22type%22%3A%220%22%2C%22timestamp%22%3A1779417472759%2C%22content%22%3A%7B%22page%22%3A%22home%22%2C%22source%22%3A%22%22%2C%22from%22%3A%22search%22%2C%22type%22%3A%22show%22%2C%22value%22%3A%22cardresult%22%2C%22ext%22%3A%7B%22qid%22%3A%220xd450e753002a8446%22%2C%22rsv_dl%22%3A%22tb_click%22%2C%22query%22%3A%22%22%2C%22card_type%22%3A%22ala%22%2C%22valueInfo%22%3A%5" line: 0}] @ https://mbd.baidu.com/ztbox?action=zpblog&appname=pcsearch&v=2.0&data=%7B%22cateid%22%3A%2299%22%2C%22actiondata%22%3A%7B%22id%22%3A19083%2C%22type%22%3A%220%22%2C%22timestamp%22%3A1779417472759%2C%22content%22%3A%7B%22page%22%3A%22home%22%2C%22source%22%3A%22%22%2C%22from%22%3A%22search%22%2C%22type%22%3A%22show%22%2C%22value%22%3A%22cardresult%22%2C%22ext%22%3A%7B%22qid%22%3A%220xd450e753002a8446%22%2C%22rsv_dl%22%3A%22tb_click%22%2C%22query%22%3A%22%22%2C%22card_type%22%3A%22ala%22%2C%22valueInfo%22%3A%5B%5D%7D%7D%7D%7D:0
[   53766ms] [WARNING] [JavaScript Warning: "A resource is blocked by OpaqueResponseBlocking, please check browser console for details." {file: "https://mbd.baidu.com/ztbox?action=zpblog&appname=pcsearch&v=2.0&data=%7B%22cateid%22%3A%2299%22%2C%22actiondata%22%3A%7B%22id%22%3A19134%2C%22type%22%3A%220%22%2C%22timestamp%22%3A1779417472760%2C%22content%22%3A%7B%22page%22%3A%22home%22%2C%22source%22%3A%22%22%2C%22from%22%3A%22search%22%2C%22type%22%3A%22show%22%2C%22value%22%3A%22cardresult%22%2C%22ext%22%3A%7B%22qid%22%3A%220xd450e753002a8446%22%2C%22rsv_dl%22%3A%22tb_click%22%2C%22query%22%3A%22%22%2C%22card_type%22%3A%22ala%22%2C%22valueInfo%22%3A%5" line: 0}] @ https://mbd.baidu.com/ztbox?action=zpblog&appname=pcsearch&v=2.0&data=%7B%22cateid%22%3A%2299%22%2C%22actiondata%22%3A%7B%22id%22%3A19134%2C%22type%22%3A%220%22%2C%22timestamp%22%3A1779417472760%2C%22content%22%3A%7B%22page%22%3A%22home%22%2C%22source%22%3A%22%22%2C%22from%22%3A%22search%22%2C%22type%22%3A%22show%22%2C%22value%22%3A%22cardresult%22%2C%22ext%22%3A%7B%22qid%22%3A%220xd450e753002a8446%22%2C%22rsv_dl%22%3A%22tb_click%22%2C%22query%22%3A%22%22%2C%22card_type%22%3A%22ala%22%2C%22valueInfo%22%3A%5B%5D%7D%7D%7D%7D:0
[   54253ms] [WARNING] [JavaScript Warning: "Failed to create WebGL context: WebGL is currently disabled." {file: "https://wappass.baidu.com/static/touch/js/lib/fingerprint.js" line: 1}] @ https://wappass.baidu.com/static/touch/js/lib/fingerprint.js:1
[   54253ms] [WARNING] [JavaScript Warning: "Failed to create WebGL context: WebGL is currently disabled." {file: "https://wappass.baidu.com/static/touch/js/lib/fingerprint.js" line: 1}] @ https://wappass.baidu.com/static/touch/js/lib/fingerprint.js:1
[   54253ms] [WARNING] [JavaScript Warning: "Failed to create WebGL context: WebGL is currently disabled." {file: "https://wappass.baidu.com/static/touch/js/lib/fingerprint.js" line: 1}] @ https://wappass.baidu.com/static/touch/js/lib/fingerprint.js:1
[   54254ms] [WARNING] [JavaScript Warning: "Failed to create WebGL context: WebGL is currently disabled." {file: "https://wappass.baidu.com/static/touch/js/lib/fingerprint.js" line: 1}] @ https://wappass.baidu.com/static/touch/js/lib/fingerprint.js:1
[   54736ms] [WARNING] [JavaScript Warning: "Use of the motion sensor is deprecated." {file: "https://hercules.cdn.bcebos.com/pass/bundle.js" line: 1}] @ https://hercules.cdn.bcebos.com/pass/bundle.js:1
[   54736ms] [WARNING] [JavaScript Warning: "Use of the orientation sensor is deprecated." {file: "https://hercules.cdn.bcebos.com/pass/bundle.js" line: 1}] @ https://hercules.cdn.bcebos.com/pass/bundle.js:1
[   56930ms] [WARNING] [JavaScript Warning: "Failed to create WebGL context: WebGL is currently disabled." {file: "https://hercules.cdn.bcebos.com/pass/bundle.js" line: 1}] @ https://hercules.cdn.bcebos.com/pass/bundle.js:1
[   56930ms] [WARNING] [JavaScript Warning: "Failed to create WebGL context: WebGL is currently disabled." {file: "https://hercules.cdn.bcebos.com/pass/bundle.js" line: 1}] @ https://hercules.cdn.bcebos.com/pass/bundle.js:1
[   56931ms] [WARNING] [JavaScript Warning: "Failed to create WebGL context: WebGL is currently disabled." {file: "https://hercules.cdn.bcebos.com/pass/bundle.js" line: 1}] @ https://hercules.cdn.bcebos.com/pass/bundle.js:1
[   56931ms] [WARNING] [JavaScript Warning: "Request for font "Gill Sans" blocked at visibility level 3 (requires 4)
" {file: "https://hercules.cdn.bcebos.com/pass/bundle.js" line: 1}] @ https://hercules.cdn.bcebos.com/pass/bundle.js:1
[   56931ms] [WARNING] [JavaScript Warning: "Request for font "Gill Sans" blocked at visibility level 3 (requires 4)
" {file: "https://hercules.cdn.bcebos.com/pass/bundle.js" line: 1}] @ https://hercules.cdn.bcebos.com/pass/bundle.js:1
[   56931ms] [WARNING] [JavaScript Warning: "Request for font "Gill Sans" blocked at visibility level 3 (requires 4)
" {file: "https://hercules.cdn.bcebos.com/pass/bundle.js" line: 1}] @ https://hercules.cdn.bcebos.com/pass/bundle.js:1
